<?xml version="1.0" encoding="UTF-8"?>
<TestRun id="2b695d41-ebba-4136-994d-774d49f2c140" name="pc1@PC1-PC 2013-12-18 14:46:50" runUser="pc1-PC\pc1" xmlns="http://microsoft.com/schemas/VisualStudio/TeamTest/2010">
  <TestSettings name="Local" id="559130f0-735b-433e-802d-ff43b49d5e85">
    <Description>These are default test settings for a local test run.</Description>
    <Deployment enabled="false" runDeploymentRoot="pc1_PC1-PC 2013-12-18 14_46_50">
      <DeploymentItem filename="C:\Users\pc1\Dropbox\PequenosProjetos\MarsRover\packages\NUnit.2.6.3\lib\nunit.framework.dll" />
      <DeploymentItem filename="C:\Users\pc1\Dropbox\PequenosProjetos\MarsRover\MarsRover\bin\Debug\MarsRover.exe" />
    </Deployment>
    <Execution>
      <TestTypeSpecific />
      <AgentRule name="Execution Agents">
      </AgentRule>
    </Execution>
  </TestSettings>
  <Times creation="2013-12-18T14:46:50.6656000-02:00" queuing="2013-12-18T14:46:50.7116000-02:00" start="2013-12-18T14:46:50.7426000-02:00" finish="2013-12-18T14:46:51.0996000-02:00" />
  <ResultSummary outcome="Completed">
    <Counters total="5" executed="5" passed="5" error="0" failed="0" timeout="0" aborted="0" inconclusive="0" passedButRunAborted="0" notRunnable="0" notExecuted="0" disconnected="0" warning="0" completed="0" inProgress="0" pending="0" />
  </ResultSummary>
  <TestDefinitions>
    <UnitTest name="TestIfThrowExceptionWhenXValueIsNegative" storage="c:\users\pc1\dropbox\pequenosprojetos\marsrover\testproject1\bin\debug\testproject1.dll" id="07f961a9-2755-6727-f12b-bbcc477d20cf">
      <Execution id="e8fb293e-dc34-4ee8-b724-7b85611361e5" />
      <TestMethod codeBase="C:/Users/pc1/Dropbox/PequenosProjetos/MarsRover/TestProject1/bin/Debug/TestProject1.DLL" adapterTypeName="Microsoft.VisualStudio.TestTools.TestTypes.Unit.UnitTestAdapter, Microsoft.VisualStudio.QualityTools.Tips.UnitTest.Adapter, Version=10.0.0.0, Culture=neutral, PublicKeyToken=b03f5f7f11d50a3a" className="TestProject1.PlateauTest, TestProject1, Version=1.0.0.0, Culture=neutral, PublicKeyToken=null" name="TestIfThrowExceptionWhenXValueIsNegative" />
    </UnitTest>
    <UnitTest name="TestIFCreateANewPlateauCorrectly" storage="c:\users\pc1\dropbox\pequenosprojetos\marsrover\testproject1\bin\debug\testproject1.dll" id="9e22ac22-cd66-7233-db20-700abce678a5">
      <Execution id="381ac013-cd2b-488e-82f9-2790a739f3fb" />
      <TestMethod codeBase="C:/Users/pc1/Dropbox/PequenosProjetos/MarsRover/TestProject1/bin/Debug/TestProject1.DLL" adapterTypeName="Microsoft.VisualStudio.TestTools.TestTypes.Unit.UnitTestAdapter, Microsoft.VisualStudio.QualityTools.Tips.UnitTest.Adapter, Version=10.0.0.0, Culture=neutral, PublicKeyToken=b03f5f7f11d50a3a" className="TestProject1.PlateauTest, TestProject1, Version=1.0.0.0, Culture=neutral, PublicKeyToken=null" name="TestIFCreateANewPlateauCorrectly" />
    </UnitTest>
    <UnitTest name="TestIfThrowExceptionWhenXValueIsZero" storage="c:\users\pc1\dropbox\pequenosprojetos\marsrover\testproject1\bin\debug\testproject1.dll" id="c938a87a-a406-ebf4-d0b6-0c1f494f6148">
      <Execution id="9d786c24-c739-48cc-ab14-7e5b08b4a0a2" />
      <TestMethod codeBase="C:/Users/pc1/Dropbox/PequenosProjetos/MarsRover/TestProject1/bin/Debug/TestProject1.DLL" adapterTypeName="Microsoft.VisualStudio.TestTools.TestTypes.Unit.UnitTestAdapter, Microsoft.VisualStudio.QualityTools.Tips.UnitTest.Adapter, Version=10.0.0.0, Culture=neutral, PublicKeyToken=b03f5f7f11d50a3a" className="TestProject1.PlateauTest, TestProject1, Version=1.0.0.0, Culture=neutral, PublicKeyToken=null" name="TestIfThrowExceptionWhenXValueIsZero" />
    </UnitTest>
    <UnitTest name="TestIfTrhowExceptionWhenYValueIsZero" storage="c:\users\pc1\dropbox\pequenosprojetos\marsrover\testproject1\bin\debug\testproject1.dll" id="12819f0d-a437-9ad4-56bb-adc110c11ded">
      <Execution id="eba038e9-d4a3-4d01-a561-53edd1348239" />
      <TestMethod codeBase="C:/Users/pc1/Dropbox/PequenosProjetos/MarsRover/TestProject1/bin/Debug/TestProject1.DLL" adapterTypeName="Microsoft.VisualStudio.TestTools.TestTypes.Unit.UnitTestAdapter, Microsoft.VisualStudio.QualityTools.Tips.UnitTest.Adapter, Version=10.0.0.0, Culture=neutral, PublicKeyToken=b03f5f7f11d50a3a" className="TestProject1.PlateauTest, TestProject1, Version=1.0.0.0, Culture=neutral, PublicKeyToken=null" name="TestIfTrhowExceptionWhenYValueIsZero" />
    </UnitTest>
    <UnitTest name="TestIfThrowExceptionWhenYValueIsNegative" storage="c:\users\pc1\dropbox\pequenosprojetos\marsrover\testproject1\bin\debug\testproject1.dll" id="75194b31-6116-2d7b-3449-f4794a97dfc9">
      <Execution id="c7de5158-c307-4b87-8db4-9a9a78b1319e" />
      <TestMethod codeBase="C:/Users/pc1/Dropbox/PequenosProjetos/MarsRover/TestProject1/bin/Debug/TestProject1.DLL" adapterTypeName="Microsoft.VisualStudio.TestTools.TestTypes.Unit.UnitTestAdapter, Microsoft.VisualStudio.QualityTools.Tips.UnitTest.Adapter, Version=10.0.0.0, Culture=neutral, PublicKeyToken=b03f5f7f11d50a3a" className="TestProject1.PlateauTest, TestProject1, Version=1.0.0.0, Culture=neutral, PublicKeyToken=null" name="TestIfThrowExceptionWhenYValueIsNegative" />
    </UnitTest>
  </TestDefinitions>
  <TestLists>
    <TestList name="Results Not in a List" id="8c84fa94-04c1-424b-9868-57a2d4851a1d" />
    <TestList name="All Loaded Results" id="19431567-8539-422a-85d7-44ee4e166bda" />
  </TestLists>
  <TestEntries>
    <TestEntry testId="07f961a9-2755-6727-f12b-bbcc477d20cf" executionId="e8fb293e-dc34-4ee8-b724-7b85611361e5" testListId="8c84fa94-04c1-424b-9868-57a2d4851a1d" />
    <TestEntry testId="12819f0d-a437-9ad4-56bb-adc110c11ded" executionId="eba038e9-d4a3-4d01-a561-53edd1348239" testListId="8c84fa94-04c1-424b-9868-57a2d4851a1d" />
    <TestEntry testId="75194b31-6116-2d7b-3449-f4794a97dfc9" executionId="c7de5158-c307-4b87-8db4-9a9a78b1319e" testListId="8c84fa94-04c1-424b-9868-57a2d4851a1d" />
    <TestEntry testId="9e22ac22-cd66-7233-db20-700abce678a5" executionId="381ac013-cd2b-488e-82f9-2790a739f3fb" testListId="8c84fa94-04c1-424b-9868-57a2d4851a1d" />
    <TestEntry testId="c938a87a-a406-ebf4-d0b6-0c1f494f6148" executionId="9d786c24-c739-48cc-ab14-7e5b08b4a0a2" testListId="8c84fa94-04c1-424b-9868-57a2d4851a1d" />
  </TestEntries>
  <Results>
    <UnitTestResult executionId="e8fb293e-dc34-4ee8-b724-7b85611361e5" testId="07f961a9-2755-6727-f12b-bbcc477d20cf" testName="TestIfThrowExceptionWhenXValueIsNegative" computerName="PC1-PC" duration="00:00:00.0149319" startTime="2013-12-18T14:46:50.7576000-02:00" endTime="2013-12-18T14:46:51.0006000-02:00" testType="13cdc9d9-ddb5-4fa4-a97d-d965ccfc6d4b" outcome="Passed" testListId="8c84fa94-04c1-424b-9868-57a2d4851a1d" relativeResultsDirectory="e8fb293e-dc34-4ee8-b724-7b85611361e5">
    </UnitTestResult>
    <UnitTestResult executionId="eba038e9-d4a3-4d01-a561-53edd1348239" testId="12819f0d-a437-9ad4-56bb-adc110c11ded" testName="TestIfTrhowExceptionWhenYValueIsZero" computerName="PC1-PC" duration="00:00:00.0007167" startTime="2013-12-18T14:46:51.0026000-02:00" endTime="2013-12-18T14:46:51.0136000-02:00" testType="13cdc9d9-ddb5-4fa4-a97d-d965ccfc6d4b" outcome="Passed" testListId="8c84fa94-04c1-424b-9868-57a2d4851a1d" relativeResultsDirectory="eba038e9-d4a3-4d01-a561-53edd1348239">
    </UnitTestResult>
    <UnitTestResult executionId="c7de5158-c307-4b87-8db4-9a9a78b1319e" testId="75194b31-6116-2d7b-3449-f4794a97dfc9" testName="TestIfThrowExceptionWhenYValueIsNegative" computerName="PC1-PC" duration="00:00:00.0007170" startTime="2013-12-18T14:46:51.0226000-02:00" endTime="2013-12-18T14:46:51.0376000-02:00" testType="13cdc9d9-ddb5-4fa4-a97d-d965ccfc6d4b" outcome="Passed" testListId="8c84fa94-04c1-424b-9868-57a2d4851a1d" relativeResultsDirectory="c7de5158-c307-4b87-8db4-9a9a78b1319e">
    </UnitTestResult>
    <UnitTestResult executionId="381ac013-cd2b-488e-82f9-2790a739f3fb" testId="9e22ac22-cd66-7233-db20-700abce678a5" testName="TestIFCreateANewPlateauCorrectly" computerName="PC1-PC" duration="00:00:00.0003337" startTime="2013-12-18T14:46:51.0466000-02:00" endTime="2013-12-18T14:46:51.0566000-02:00" testType="13cdc9d9-ddb5-4fa4-a97d-d965ccfc6d4b" outcome="Passed" testListId="8c84fa94-04c1-424b-9868-57a2d4851a1d" relativeResultsDirectory="381ac013-cd2b-488e-82f9-2790a739f3fb">
    </UnitTestResult>
    <UnitTestResult executionId="9d786c24-c739-48cc-ab14-7e5b08b4a0a2" testId="c938a87a-a406-ebf4-d0b6-0c1f494f6148" testName="TestIfThrowExceptionWhenXValueIsZero" computerName="PC1-PC" duration="00:00:00.0009406" startTime="2013-12-18T14:46:51.0606000-02:00" endTime="2013-12-18T14:46:51.0716000-02:00" testType="13cdc9d9-ddb5-4fa4-a97d-d965ccfc6d4b" outcome="Passed" testListId="8c84fa94-04c1-424b-9868-57a2d4851a1d" relativeResultsDirectory="9d786c24-c739-48cc-ab14-7e5b08b4a0a2">
    </UnitTestResult>
  </Results>
</TestRun>